// Jest Snapshot v1, https://goo.gl/fbAQLP

exports[`should render password auth 1`] = `
<body>
  <div>
    <div>
      <div
        class="makeStyles-container-5"
      >
        <div
          class="makeStyles-leftContainer-6"
        >
          <div
            class="makeStyles-gradient-10"
            style="height: 100%; width: 100%; position: relative;"
          >
            <div
              class="makeStyles-container-12"
            >
              <h1
                class="MuiTypography-root makeStyles-title-11 MuiTypography-h1"
              >
                Unleash
              </h1>
              <p
                class="MuiTypography-root makeStyles-bannerSubtitle-13 MuiTypography-body1"
              >
                Committed to creating new ways of developing software
              </p>
            </div>
            <div
              class="makeStyles-logoContainer-14"
            >
              <div
                class="makeStyles-logo-15"
              />
            </div>
          </div>
        </div>
        <div
          class="makeStyles-rightContainer-7"
        >
          <div
            class="makeStyles-innerRightContainer-9"
          >
            <div
              class="makeStyles-resetPassword-1"
            >
              <div
                class="makeStyles-contentSpacingY-18 makeStyles-flexColumn-26 makeStyles-itemsCenter-27"
              >
                <h2
                  class="MuiTypography-root makeStyles-title-33 MuiTypography-h2"
                >
                  Invalid token
                </h2>
                <h6
                  class="MuiTypography-root MuiTypography-subtitle1"
                >
                  Your token has either been used to reset your password, or it has expired. Please request a new reset password URL in order to reset your password.
                </h6>
                <a
                  aria-disabled="false"
                  class="MuiButtonBase-root MuiButton-root MuiButton-contained MuiButton-containedPrimary"
                  data-testid="INVALID_TOKEN_BUTTON"
                  href="/forgotten-password"
                  role="button"
                  tabindex="0"
                >
                  <span
                    class="MuiButton-label"
                  >
                    Reset password
                  </span>
                  <span
                    class="MuiTouchRipple-root"
                  />
                </a>
              </div>
            </div>
          </div>
        </div>
      </div>
    </div>
  </div>
</body>
`;
