// Jest Snapshot v1, https://goo.gl/fbAQLP

exports[`renders an empty list correctly 1`] = `
<div
  className="MuiPaper-root MuiPaper-elevation MuiPaper-rounded MuiPaper-elevation1 css-1ps6pg7-MuiPaper-root"
  style={
    Object {
      "borderRadius": "10px",
      "boxShadow": "none",
    }
  }
>
  <div
    className="makeStyles-headerContainer-1"
  >
    <div
      className="makeStyles-headerTitleContainer-5"
    >
      <div
        className=""
        data-loading={true}
      >
        <h1
          className="MuiTypography-root MuiTypography-h1 makeStyles-headerTitle-6 css-ng3ysa-MuiTypography-root"
        >
          Tag Types
        </h1>
      </div>
      <div
        className="makeStyles-headerActions-7"
      >
        <button
          className="MuiButton-root MuiButton-contained MuiButton-containedPrimary MuiButton-sizeMedium MuiButton-containedSizeMedium MuiButtonBase-root  css-2lddgn-MuiButtonBase-root-MuiButton-root"
          disabled={false}
          onBlur={[Function]}
          onClick={[Function]}
          onContextMenu={[Function]}
          onDragLeave={[Function]}
          onFocus={[Function]}
          onKeyDown={[Function]}
          onKeyUp={[Function]}
          onMouseDown={[Function]}
          onMouseLeave={[Function]}
          onMouseUp={[Function]}
          onTouchEnd={[Function]}
          onTouchMove={[Function]}
          onTouchStart={[Function]}
          tabIndex={0}
          type="button"
        >
          New tag type
        </button>
      </div>
    </div>
  </div>
  <div
    className="makeStyles-bodyContainer-2"
  >
    <ul
      className="MuiList-root MuiList-padding css-h4y409-MuiList-root"
    >
      <li
        className="MuiListItem-root MuiListItem-gutters MuiListItem-padding css-uz8enf-MuiListItem-root"
        disabled={false}
      >
        No entries
      </li>
    </ul>
  </div>
</div>
`;
